<html>
<body>
<pre>
<h1>µVision Build Log</h1>
<h2>Project:</h2>
E:\v25he6k21\Templates\v25he6k21_arm\LPC2148-ESP01k21\LPC2148-ESP01-LEVEL1\ESP01.uvproj
Project File Date:  05/27/2026

<h2>Output:</h2>
Build target 'Target 1'
assembling Startup.s...
compiling main.c...
main.c(30): error:  #29: expected an expression
main.c:         initadc(void);
main.c:                 ^
main.c(30): error:  #140: too many arguments in function call
main.c:         initadc(void);
main.c:                     ^
main.c: main.c: 0 warnings, 2 errors
compiling uart0.c...
compiling delay.c...
compiling esp01.c...
esp01.c(192): error:  #167: argument of type "char" is incompatible with parameter of type "char *"
esp01.c:                UART0_Str(val);
esp01.c:                          ^
esp01.c: esp01.c: 0 warnings, 1 error
compiling lcd.c...
compiling ADC.C...
ADC.C(16): warning:  #223-D: function "delay_us" declared implicitly
ADC.C:          delay_us(3);
ADC.C:          ^
ADC.C: ADC.C: 1 warning, 0 errors
Target not created
Build target 'Target 1'
assembling Startup.s...
compiling main.c...
main.c(30): error:  #29: expected an expression
main.c:         initadc(void);
main.c:                 ^
main.c(30): error:  #140: too many arguments in function call
main.c:         initadc(void);
main.c:                     ^
main.c(42): error:  #167: argument of type "u32" is incompatible with parameter of type "char *"
main.c:                         esp01_sendToThingspeak(temperature,1);
main.c:                                                ^
main.c(43): error:  #167: argument of type "u32" is incompatible with parameter of type "char *"
main.c:                         esp01_sendToThingspeak(gas_adc,2);
main.c:                                                ^
main.c: main.c: 0 warnings, 4 errors
compiling uart0.c...
compiling delay.c...
compiling esp01.c...
compiling lcd.c...
compiling ADC.C...
ADC.C(16): warning:  #223-D: function "delay_us" declared implicitly
ADC.C:          delay_us(3);
ADC.C:          ^
ADC.C: ADC.C: 1 warning, 0 errors
Target not created
Build target 'Target 1'
assembling Startup.s...
compiling main.c...
main.c(42): error:  #167: argument of type "u32" is incompatible with parameter of type "char *"
main.c:                         esp01_sendToThingspeak(temperature,1);
main.c:                                                ^
main.c(43): error:  #167: argument of type "u32" is incompatible with parameter of type "char *"
main.c:                         esp01_sendToThingspeak(gas_adc,2);
main.c:                                                ^
main.c: main.c: 0 warnings, 2 errors
compiling uart0.c...
compiling delay.c...
compiling esp01.c...
compiling lcd.c...
compiling ADC.C...
ADC.C(16): warning:  #223-D: function "delay_us" declared implicitly
ADC.C:          delay_us(3);
ADC.C:          ^
ADC.C: ADC.C: 1 warning, 0 errors
Target not created
Build target 'Target 1'
assembling Startup.s...
compiling main.c...
main.c(42): error:  #167: argument of type "char" is incompatible with parameter of type "char *"
main.c:                         esp01_sendToThingspeak(temperature,1);
main.c:                                                ^
main.c(43): error:  #167: argument of type "u32" is incompatible with parameter of type "char *"
main.c:                         esp01_sendToThingspeak(gas_adc,2);
main.c:                                                ^
main.c: main.c: 0 warnings, 2 errors
compiling uart0.c...
compiling delay.c...
compiling esp01.c...
compiling lcd.c...
compiling ADC.C...
ADC.C(16): warning:  #223-D: function "delay_us" declared implicitly
ADC.C:          delay_us(3);
ADC.C:          ^
ADC.C: ADC.C: 1 warning, 0 errors
Target not created
Build target 'Target 1'
assembling Startup.s...
compiling main.c...
main.c(37): error:  #167: argument of type "char *" is incompatible with parameter of type "u32 *"
main.c:                 read_adc(1,&temp_voltage,&adc_val);
main.c:                                          ^
main.c(42): error:  #167: argument of type "char" is incompatible with parameter of type "char *"
main.c:                         esp01_sendToThingspeak(temperature,1);
main.c:                                                ^
main.c(43): error:  #167: argument of type "u32" is incompatible with parameter of type "char *"
main.c:                         esp01_sendToThingspeak(gas_adc,2);
main.c:                                                ^
main.c: main.c: 0 warnings, 3 errors
compiling uart0.c...
compiling delay.c...
compiling esp01.c...
compiling lcd.c...
compiling ADC.C...
ADC.C(16): warning:  #223-D: function "delay_us" declared implicitly
ADC.C:          delay_us(3);
ADC.C:          ^
ADC.C: ADC.C: 1 warning, 0 errors
Target not created
Build target 'Target 1'
assembling Startup.s...
compiling main.c...
main.c(37): error:  #167: argument of type "u8" is incompatible with parameter of type "u32 *"
main.c:                 read_adc(1,&temp_voltage,adc_val);
main.c:                                          ^
main.c(42): error:  #167: argument of type "u8" is incompatible with parameter of type "char *"
main.c:                         esp01_sendToThingspeak(temperature,1);
main.c:                                                ^
main.c(43): error:  #167: argument of type "u32" is incompatible with parameter of type "char *"
main.c:                         esp01_sendToThingspeak(gas_adc,2);
main.c:                                                ^
main.c: main.c: 0 warnings, 3 errors
compiling uart0.c...
compiling delay.c...
compiling esp01.c...
compiling lcd.c...
compiling ADC.C...
ADC.C(16): warning:  #223-D: function "delay_us" declared implicitly
ADC.C:          delay_us(3);
ADC.C:          ^
ADC.C: ADC.C: 1 warning, 0 errors
Target not created
Build target 'Target 1'
assembling Startup.s...
compiling main.c...
main.c(39): error:  #167: argument of type "u32 *" is incompatible with parameter of type "u8"
main.c:                 read_adc(0,&gas_voltage,&gas_adc);
main.c:                                         ^
main.c(42): error:  #167: argument of type "u8" is incompatible with parameter of type "char *"
main.c:                         esp01_sendToThingspeak(temperature,1);
main.c:                                                ^
main.c(43): error:  #167: argument of type "u32" is incompatible with parameter of type "char *"
main.c:                         esp01_sendToThingspeak(gas_adc,2);
main.c:                                                ^
main.c: main.c: 0 warnings, 3 errors
compiling uart0.c...
compiling delay.c...
compiling esp01.c...
compiling lcd.c...
compiling ADC.C...
ADC.C(16): warning:  #223-D: function "delay_us" declared implicitly
ADC.C:          delay_us(3);
ADC.C:          ^
ADC.C: ADC.C: 1 warning, 0 errors
Target not created
Build target 'Target 1'
assembling Startup.s...
compiling main.c...
main.c(39): error:  #167: argument of type "u32 *" is incompatible with parameter of type "u8"
main.c:                 read_adc(0,&gas_voltage,&gas_adc);
main.c:                                         ^
main.c(42): warning:  #167-D: argument of type "u8 *" is incompatible with parameter of type "char *"
main.c:                         esp01_sendToThingspeak(&temperature,1);
main.c:                                                ^
main.c(43): error:  #167: argument of type "u32 *" is incompatible with parameter of type "char *"
main.c:                         esp01_sendToThingspeak(&gas_adc,2);
main.c:                                                ^
main.c: main.c: 1 warning, 2 errors
compiling uart0.c...
compiling delay.c...
compiling esp01.c...
compiling lcd.c...
compiling ADC.C...
ADC.C(16): warning:  #223-D: function "delay_us" declared implicitly
ADC.C:          delay_us(3);
ADC.C:          ^
ADC.C: ADC.C: 1 warning, 0 errors
Target not created
Build target 'Target 1'
assembling Startup.s...
compiling main.c...
main.c(39): error:  #167: argument of type "u32 *" is incompatible with parameter of type "u8"
main.c:                 read_adc(0,&gas_voltage,&gas_adc);
main.c:                                         ^
main.c(42): error:  #167: argument of type "u8 *" is incompatible with parameter of type "char"
main.c:                         esp01_sendToThingspeak(&temperature,1);
main.c:                                                ^
main.c(43): error:  #167: argument of type "u32 *" is incompatible with parameter of type "char"
main.c:                         esp01_sendToThingspeak(&gas_adc,2);
main.c:                                                ^
main.c: main.c: 0 warnings, 3 errors
compiling uart0.c...
compiling delay.c...
compiling esp01.c...
compiling lcd.c...
compiling ADC.C...
ADC.C(16): warning:  #223-D: function "delay_us" declared implicitly
ADC.C:          delay_us(3);
ADC.C:          ^
ADC.C: ADC.C: 1 warning, 0 errors
Target not created
Build target 'Target 1'
assembling Startup.s...
compiling main.c...
main.c(39): error:  #167: argument of type "u32 *" is incompatible with parameter of type "u8"
main.c:                 read_adc(0,&gas_voltage,&gas_adc);
main.c:                                         ^
main.c: main.c: 0 warnings, 1 error
compiling uart0.c...
compiling delay.c...
compiling esp01.c...
compiling lcd.c...
compiling ADC.C...
ADC.C(16): warning:  #223-D: function "delay_us" declared implicitly
ADC.C:          delay_us(3);
ADC.C:          ^
ADC.C: ADC.C: 1 warning, 0 errors
Target not created
Build target 'Target 1'
assembling Startup.s...
compiling main.c...
main.c(39): error:  #167: argument of type "u32 *" is incompatible with parameter of type "f32 *"
main.c:                 read_adc(0,&gas_voltage,&gas_adc);
main.c:                            ^
main.c(39): error:  #167: argument of type "u32 *" is incompatible with parameter of type "u8"
main.c:                 read_adc(0,&gas_voltage,&gas_adc);
main.c:                                         ^
main.c: main.c: 0 warnings, 2 errors
compiling uart0.c...
compiling delay.c...
compiling esp01.c...
compiling lcd.c...
compiling ADC.C...
ADC.C(16): warning:  #223-D: function "delay_us" declared implicitly
ADC.C:          delay_us(3);
ADC.C:          ^
ADC.C: ADC.C: 1 warning, 0 errors
Target not created
Build target 'Target 1'
assembling Startup.s...
compiling main.c...
main.c(39): error:  #167: argument of type "u32 *" is incompatible with parameter of type "u32"
main.c:                 read_adc(0,&gas_voltage,&gas_adc);
main.c:                                         ^
main.c: main.c: 0 warnings, 1 error
compiling uart0.c...
compiling delay.c...
compiling esp01.c...
compiling lcd.c...
compiling ADC.C...
ADC.C(16): warning:  #223-D: function "delay_us" declared implicitly
ADC.C:          delay_us(3);
ADC.C:          ^
ADC.C: ADC.C: 1 warning, 0 errors
Target not created
Build target 'Target 1'
assembling Startup.s...
compiling main.c...
main.c(37): error:  #167: argument of type "u8" is incompatible with parameter of type "u32 *"
main.c:                 read_adc(1,&temp_voltage,adc_val);
main.c:                                          ^
main.c: main.c: 0 warnings, 1 error
compiling uart0.c...
compiling delay.c...
compiling esp01.c...
compiling lcd.c...
compiling ADC.C...
ADC.C(16): warning:  #223-D: function "delay_us" declared implicitly
ADC.C:          delay_us(3);
ADC.C:          ^
ADC.C: ADC.C: 1 warning, 0 errors
Target not created
Build target 'Target 1'
assembling Startup.s...
compiling main.c...
main.c(12): error:  #147-D: declaration is incompatible with "void read_adc(u32, f32 *, u32 *)" (declared at line 11)
main.c:   void read_adc(u32,f32 *,u8);
main.c:        ^
main.c(40): error:  #167: argument of type "u32 *" is incompatible with parameter of type "u8"
main.c:                 read_adc(0,&gas_voltage,&gas_adc);
main.c:                                         ^
main.c: main.c: 0 warnings, 2 errors
compiling uart0.c...
compiling delay.c...
compiling esp01.c...
compiling lcd.c...
compiling ADC.C...
ADC.C(16): warning:  #223-D: function "delay_us" declared implicitly
ADC.C:          delay_us(3);
ADC.C:          ^
ADC.C: ADC.C: 1 warning, 0 errors
Target not created
Build target 'Target 1'
assembling Startup.s...
compiling main.c...
main.c(38): error:  #167: argument of type "u8" is incompatible with parameter of type "u32 *"
main.c:                 read_adc(1,&temp_voltage,adc_val);
main.c:                                          ^
main.c(40): error:  #167: argument of type "u32 *" is incompatible with parameter of type "u8"
main.c:                 read_adc1(0,&gas_voltage,&gas_adc);
main.c:                                          ^
main.c: main.c: 0 warnings, 2 errors
compiling uart0.c...
compiling delay.c...
compiling esp01.c...
compiling lcd.c...
compiling ADC.C...
ADC.C(16): warning:  #223-D: function "delay_us" declared implicitly
ADC.C:          delay_us(3);
ADC.C:          ^
ADC.C: ADC.C: 1 warning, 0 errors
Target not created
Build target 'Target 1'
assembling Startup.s...
compiling main.c...
compiling uart0.c...
compiling delay.c...
compiling esp01.c...
compiling lcd.c...
compiling ADC.C...
ADC.C(16): warning:  #223-D: function "delay_us" declared implicitly
ADC.C:          delay_us(3);
ADC.C:          ^
ADC.C: ADC.C: 1 warning, 0 errors
linking...
11.axf: Error: L6218E: Undefined symbol read_adc1 (referred from main.o).
11.axf: Not enough information to list image symbols.
11.axf: Finished: 1 information, 0 warning and 1 error messages.
Target not created
Build target 'Target 1'
assembling Startup.s...
compiling main.c...
compiling uart0.c...
compiling delay.c...
compiling esp01.c...
compiling lcd.c...
compiling ADC.C...
ADC.C(16): warning:  #223-D: function "delay_us" declared implicitly
ADC.C:          delay_us(3);
ADC.C:          ^
ADC.C(19): error:  #75: operand of "*" must be a pointer
ADC.C:          *adcdval=((ADDR>>RESULT)&1023);
ADC.C:           ^
ADC.C(20): error:  #75: operand of "*" must be a pointer
ADC.C:          *eAR=(3.3/1023)*(*adcdval);
ADC.C:                            ^
ADC.C: ADC.C: 1 warning, 2 errors
Target not created
Build target 'Target 1'
assembling Startup.s...
compiling main.c...
compiling uart0.c...
compiling delay.c...
compiling esp01.c...
compiling lcd.c...
compiling ADC.C...
ADC.C(16): warning:  #223-D: function "delay_us" declared implicitly
ADC.C:          delay_us(3);
ADC.C:          ^
ADC.C: ADC.C: 1 warning, 0 errors
linking...
11.axf: Error: L6218E: Undefined symbol read_adc (referred from main.o).
11.axf: Not enough information to list image symbols.
11.axf: Finished: 1 information, 0 warning and 1 error messages.
Target not created
Build target 'Target 1'
assembling Startup.s...
compiling main.c...
compiling uart0.c...
compiling delay.c...
compiling esp01.c...
compiling lcd.c...
compiling ADC.C...
ADC.C(16): warning:  #223-D: function "delay_us" declared implicitly
ADC.C:          delay_us(3);
ADC.C:          ^
ADC.C(26): warning:  #223-D: function "delay_us" declared implicitly
ADC.C:          delay_us(3);
ADC.C:          ^
ADC.C: ADC.C: 2 warnings, 0 errors
linking...
Program Size: Code=7468 RO-data=32 RW-data=236 ZI-data=1260  
FromELF: creating hex file...
"11.axf" - 0 Error(s), 2 Warning(s).
Build target 'Target 1'
assembling Startup.s...
compiling main.c...
compiling uart0.c...
compiling delay.c...
compiling esp01.c...
compiling lcd.c...
compiling ADC.C...
ADC.C(16): warning:  #223-D: function "delay_us" declared implicitly
ADC.C:          delay_us(3);
ADC.C:          ^
ADC.C(26): warning:  #223-D: function "delay_us" declared implicitly
ADC.C:          delay_us(3);
ADC.C:          ^
ADC.C: ADC.C: 2 warnings, 0 errors
linking...
Program Size: Code=7468 RO-data=32 RW-data=236 ZI-data=1260  
FromELF: creating hex file...
"11.axf" - 0 Error(s), 2 Warning(s).
Build target 'Target 1'
assembling Startup.s...
compiling main.c...
compiling uart0.c...
compiling delay.c...
compiling esp01.c...
compiling lcd.c...
compiling ADC.C...
ADC.C(16): warning:  #223-D: function "delay_us" declared implicitly
ADC.C:          delay_us(3);
ADC.C:          ^
ADC.C(26): warning:  #223-D: function "delay_us" declared implicitly
ADC.C:          delay_us(3);
ADC.C:          ^
ADC.C: ADC.C: 2 warnings, 0 errors
linking...
Program Size: Code=7468 RO-data=32 RW-data=236 ZI-data=1260  
FromELF: creating hex file...
"major_projectk21.axf" - 0 Error(s), 2 Warning(s).
